  CC      lib/uuid.o
  CC      drivers/media/platform/msm/npu/npu_dev.o
  CC      lib/flex_array.o
  CC      lib/iov_iter.o
  CC      net/netfilter/xt_connmark.o
  CC      drivers/media/platform/msm/npu/npu_debugfs.o
  CC      drivers/media/platform/msm/cvp/hfi_response_handler.o
../net/netfilter/xt_connmark.c:39:53: warning: declaration of 'struct xt_connmark_tginfo2' will not be visible outside of this function [-Wvisibility]
connmark_tg_shift(struct sk_buff *skb, const struct xt_connmark_tginfo2 *info)
                                                    ^
../net/netfilter/xt_connmark.c:50:14: error: incomplete definition of type 'struct xt_connmark_tginfo2'
        switch (info->mode) {
                ~~~~^
../net/netfilter/xt_connmark.c:39:53: note: forward declaration of 'struct xt_connmark_tginfo2'
connmark_tg_shift(struct sk_buff *skb, const struct xt_connmark_tginfo2 *info)
                                                    ^
../net/netfilter/xt_connmark.c:51:7: error: use of undeclared identifier 'XT_CONNMARK_SET'
        case XT_CONNMARK_SET:
             ^
../net/netfilter/xt_connmark.c:52:30: error: incomplete definition of type 'struct xt_connmark_tginfo2'
                newmark = (ct->mark & ~info->ctmask) ^ info->ctmark;
                                       ~~~~^
../net/netfilter/xt_connmark.c:39:53: note: forward declaration of 'struct xt_connmark_tginfo2'
connmark_tg_shift(struct sk_buff *skb, const struct xt_connmark_tginfo2 *info)
                                                    ^
../net/netfilter/xt_connmark.c:52:46: error: incomplete definition of type 'struct xt_connmark_tginfo2'
                newmark = (ct->mark & ~info->ctmask) ^ info->ctmark;
                                                       ~~~~^
../net/netfilter/xt_connmark.c:39:53: note: forward declaration of 'struct xt_connmark_tginfo2'
connmark_tg_shift(struct sk_buff *skb, const struct xt_connmark_tginfo2 *info)
                                                    ^
../net/netfilter/xt_connmark.c:53:11: error: incomplete definition of type 'struct xt_connmark_tginfo2'
                if (info->shift_dir == D_SHIFT_RIGHT)
                    ~~~~^
../net/netfilter/xt_connmark.c:39:53: note: forward declaration of 'struct xt_connmark_tginfo2'
connmark_tg_shift(struct sk_buff *skb, const struct xt_connmark_tginfo2 *info)
                                                    ^
../net/netfilter/xt_connmark.c:53:26: error: use of undeclared identifier 'D_SHIFT_RIGHT'
                if (info->shift_dir == D_SHIFT_RIGHT)
                                       ^
../net/netfilter/xt_connmark.c:54:20: error: incomplete definition of type 'struct xt_connmark_tginfo2'
                        newmark >>= info->shift_bits;
                                    ~~~~^
../net/netfilter/xt_connmark.c:39:53: note: forward declaration of 'struct xt_connmark_tginfo2'
connmark_tg_shift(struct sk_buff *skb, const struct xt_connmark_tginfo2 *info)
                                                    ^
../net/netfilter/xt_connmark.c:56:20: error: incomplete definition of type 'struct xt_connmark_tginfo2'
                        newmark <<= info->shift_bits;
                                    ~~~~^
../net/netfilter/xt_connmark.c:39:53: note: forward declaration of 'struct xt_connmark_tginfo2'
connmark_tg_shift(struct sk_buff *skb, const struct xt_connmark_tginfo2 *info)
                                                    ^
../net/netfilter/xt_connmark.c:63:7: error: use of undeclared identifier 'XT_CONNMARK_SAVE'
        case XT_CONNMARK_SAVE:
             ^
../net/netfilter/xt_connmark.c:64:37: error: incomplete definition of type 'struct xt_connmark_tginfo2'
                new_targetmark = (skb->mark & info->nfmask);
                                              ~~~~^
../net/netfilter/xt_connmark.c:39:53: note: forward declaration of 'struct xt_connmark_tginfo2'
connmark_tg_shift(struct sk_buff *skb, const struct xt_connmark_tginfo2 *info)
                                                    ^
../net/netfilter/xt_connmark.c:65:11: error: incomplete definition of type 'struct xt_connmark_tginfo2'
                if (info->shift_dir == D_SHIFT_RIGHT)
                    ~~~~^
../net/netfilter/xt_connmark.c:39:53: note: forward declaration of 'struct xt_connmark_tginfo2'
connmark_tg_shift(struct sk_buff *skb, const struct xt_connmark_tginfo2 *info)
                                                    ^
../net/netfilter/xt_connmark.c:65:26: error: use of undeclared identifier 'D_SHIFT_RIGHT'
                if (info->shift_dir == D_SHIFT_RIGHT)
                                       ^
../net/netfilter/xt_connmark.c:66:27: error: incomplete definition of type 'struct xt_connmark_tginfo2'
                        new_targetmark >>= info->shift_bits;
                                           ~~~~^
../net/netfilter/xt_connmark.c:39:53: note: forward declaration of 'struct xt_connmark_tginfo2'
connmark_tg_shift(struct sk_buff *skb, const struct xt_connmark_tginfo2 *info)
                                                    ^
../net/netfilter/xt_connmark.c:68:27: error: incomplete definition of type 'struct xt_connmark_tginfo2'
                        new_targetmark <<= info->shift_bits;
                                           ~~~~^
../net/netfilter/xt_connmark.c:39:53: note: forward declaration of 'struct xt_connmark_tginfo2'
connmark_tg_shift(struct sk_buff *skb, const struct xt_connmark_tginfo2 *info)
                                                    ^
../net/netfilter/xt_connmark.c:70:30: error: incomplete definition of type 'struct xt_connmark_tginfo2'
                newmark = (ct->mark & ~info->ctmask) ^
                                       ~~~~^
../net/netfilter/xt_connmark.c:39:53: note: forward declaration of 'struct xt_connmark_tginfo2'
connmark_tg_shift(struct sk_buff *skb, const struct xt_connmark_tginfo2 *info)
                                                    ^
../net/netfilter/xt_connmark.c:77:7: error: use of undeclared identifier 'XT_CONNMARK_RESTORE'
        case XT_CONNMARK_RESTORE:
             ^
../net/netfilter/xt_connmark.c:78:36: error: incomplete definition of type 'struct xt_connmark_tginfo2'
                new_targetmark = (ct->mark & info->ctmask);
                                             ~~~~^
../net/netfilter/xt_connmark.c:39:53: note: forward declaration of 'struct xt_connmark_tginfo2'
connmark_tg_shift(struct sk_buff *skb, const struct xt_connmark_tginfo2 *info)
                                                    ^
../net/netfilter/xt_connmark.c:79:11: error: incomplete definition of type 'struct xt_connmark_tginfo2'
                if (info->shift_dir == D_SHIFT_RIGHT)
                    ~~~~^
../net/netfilter/xt_connmark.c:39:53: note: forward declaration of 'struct xt_connmark_tginfo2'
connmark_tg_shift(struct sk_buff *skb, const struct xt_connmark_tginfo2 *info)
                                                    ^
../net/netfilter/xt_connmark.c:79:26: error: use of undeclared identifier 'D_SHIFT_RIGHT'
                if (info->shift_dir == D_SHIFT_RIGHT)
                                       ^
fatal error: too many errors emitted, stopping now [-ferror-limit=]
1 warning and 20 errors generated.
make[3]: *** [../scripts/Makefile.build:338: net/netfilter/xt_connmark.o] Error 1
make[2]: *** [../scripts/Makefile.build:642: net/netfilter] Error 2
make[1]: *** [/home/runner/work/InfiniR_kernel_alioth/InfiniR_kernel_alioth/Makefile:1256: net] Error 2
make[1]: *** Waiting for unfinished jobs....
  AR      drivers/media/platform/msm/sde/built-in.a
  CC      drivers/media/platform/msm/synx/synx.o
  CC      drivers/media/platform/msm/npu/npu_host_ipc.o
  CC      drivers/media/platform/msm/cvp/hfi_packetization.o
  CC      lib/clz_ctz.o
  CC      lib/bsearch.o
  CC      drivers/media/platform/msm/npu/npu_hw_access.o
  CC      drivers/media/platform/msm/synx/synx_util.o
  CC      drivers/media/platform/msm/cvp/cvp_core_hfi.o
  CC      lib/find_bit.o
  CC      lib/llist.o
  CC      lib/memweight.o
  CC      drivers/media/platform/msm/npu/npu_mgr.o
  CC      lib/kfifo.o
  CC      drivers/media/platform/msm/cvp/msm_cvp_clocks.o
  CC      drivers/media/platform/msm/synx/synx_debugfs.o
  AR      drivers/media/platform/msm/synx/built-in.a
  AR      drivers/media/rc/keymaps/built-in.a
  CC      drivers/media/rc/rc-main.o
  CC      lib/percpu-refcount.o
  CC      drivers/media/platform/msm/cvp/msm_cvp_dsp.o
  CC      lib/rhashtable.o
  AR      drivers/media/platform/msm/npu/built-in.a
  AR      drivers/mmc/built-in.a
  CC      drivers/media/rc/rc-ir-raw.o
  AR      drivers/media/platform/msm/cvp/built-in.a
  AR      drivers/media/platform/msm/built-in.a
  AR      drivers/media/platform/stm32/built-in.a
  AR      drivers/media/platform/built-in.a
--
  CC      drivers/staging/qcacld-3.0/../qca-wifi-host-cmn/dp/wifi3.0/dp_mon_filter.o
  CC      drivers/staging/qcacld-3.0/../qca-wifi-host-cmn/dp/wifi3.0/dp_stats.o
  CC      drivers/staging/qcacld-3.0/../qca-wifi-host-cmn/target_if/dp/src/target_if_dp.o
  CC      drivers/staging/qcacld-3.0/../qca-wifi-host-cmn/dp/wifi3.0/dp_tx_flow_control.o
  CC      drivers/staging/qcacld-3.0/core/dp/txrx3.0/dp_txrx.o
  CC      drivers/staging/qcacld-3.0/core/dp/txrx3.0/dp_rx_thread.o
  AR      drivers/staging/qcacld-3.0/built-in.a
  AR      drivers/staging/built-in.a
  AR      drivers/built-in.a
make[1]: Leaving directory '/home/runner/work/InfiniR_kernel_alioth/InfiniR_kernel_alioth/out'
make: *** [Makefile:153: sub-make] Error 2
